Microchip MPLAB XC8 Compiler V1.35 ()

Linker command line:

--edf=/opt/microchip/xc8/v1.35/dat/en_msgs.txt -cs \
  -h+dist/default/production/PICRADIO.X.production.sym \
  --cmf=dist/default/production/PICRADIO.X.production.cmf -z -Q16F877A \
  -o/tmp/xcXZHuYyk -Mdist/default/production/PICRADIO.X.production.map -E1 \
  -ver=XC8 -ASTACK=0110h-016fh -pstack=STACK -ACODE=00h-07FFhx4 \
  -ASTRCODE=00h-01FFFh -ASTRING=00h-0FFhx32 -ACONST=00h-0FFhx32 \
  -AENTRY=00h-0FFhx32 -ACOMMON=070h-07Fh -ABANK0=020h-06Fh \
  -ABANK1=0A0h-0EFh -ABANK2=0110h-016Fh -ABANK3=0190h-01EFh \
  -ARAM=020h-06Fh,0A0h-0EFh,0110h-016Fh,0190h-01EFh \
  -AABS1=020h-07Fh,0A0h-0EFh,0110h-016Fh,0190h-01EFh -ASFR0=00h-01Fh \
  -ASFR1=080h-09Fh -ASFR2=0100h-010Fh -ASFR3=0180h-018Fh \
  -preset_vec=00h,intentry=04h,init,end_init -ppowerup=CODE -pcinit=CODE \
  -pfunctab=CODE -ACONFIG=02007h-02007h -pconfig=CONFIG -DCONFIG=2 \
  -AIDLOC=02000h-02003h -pidloc=IDLOC -DIDLOC=2 -AEEDATA=00h-0FFh/02100h \
  -peeprom_data=EEDATA -DEEDATA=2 -DCODE=2 -DSTRCODE=2 -DSTRING=2 -DCONST=2 \
  -DENTRY=2 -k /tmp/xcXptWCV2.obj \
  dist/default/production/PICRADIO.X.production.obj 

Object code version is 3.11

Machine type is 16F877A



                Name                               Link     Load   Length Selector   Space Scale
/tmp/xcXptWCV2.obj
                end_init                             12       12        3        8       0
                reset_vec                             0        0        3        0       0
                config                             2007     2007        1     400E       0
dist/default/production/PICRADIO.X.production.obj
                cinit                                15       15       17        8       0
                intentry                              4        4        E        8       0
                text44                              A27      A27        2     144E       0
                text43                              BCF      BCF       22     179E       0
                text42                              CD0      CD0       37     19A0       0
                text41                              A98      A98       16     1530       0
                text40                              E83      E83       6E     1D06       0
                text39                              37A      37A      109        8       0
                text38                              65A      65A       D3        8       0
                text37                              A4A      A4A        A     1494       0
                text36                              F72      F72       8E     1EE4       0
                text35                              D89      D89       4D     1B12       0
                text34                              A63      A63       10     14C6       0
                text33                              B91      B91       1E     1722       0
                text32                              AAE      AAE       18     155C       0
                text31                              C3C      C3C       2D     1878       0
                text30                              A32      A32        8     1464       0
                text29                              AF6      AF6       19     15EC       0
                text28                              AC6      AC6       18     158C       0
                text27                              ADE      ADE       18     15BC       0
                text26                              A3A      A3A        8     1474       0
                text25                              A29      A29        4     1452       0
                text24                              BF1      BF1       24     17E2       0
                text23                              72D      72D       94        8       0
                text22                              236      236      144        8       0
                text21                              A2D      A2D        5     145A       0
                text20                              C69      C69       33     18D2       0
                text19                              A73      A73       12     14E6       0
                text18                              B41      B41       1A     1682       0
                text17                              A54      A54        F     14A8       0
                text16                              BAF      BAF       20     175E       0
                text15                              B0F      B0F       19     161E       0
                text14                              B28      B28       19     1650       0
                text13                              D07      D07       3E     1A0E       0
                text12                              B5B      B5B       1A     16B6       0
                text11                              EF1      EF1       81     1DE2       0
                text10                              E28      E28       5B     1C50       0
                text9                               B75      B75       1C     16EA       0
                text8                               C15      C15       27     182A       0
                text7                               D45      D45       44     1A8A       0
                text6                               483      483      101        8       0
                text5                               DD6      DD6       52     1BAC       0
                text4                               7C1      7C1       3E        8       0
                text3                               C9C      C9C       34     1938       0
                text2                               584      584       D6        8       0
                text1                               A85      A85       13     150A       0
                maintext                             2C       2C      20A        8       0
                cstackBANK0                          20       20       4E       20       1
                cstackCOMMON                         70       70        6       70       1
                cstackBANK1                          A0       A0       24       A0       1
                clrtext                             A42      A42        8     1484       0
                bssBANK3                            190      190       20      190       1
                bssBANK1                             C4       C4       23       A0       1
                bssCOMMON                            76       76        3       70       1
                bssEEDATA                             0     2100        2     4200       3
                strings                             800      800       1D     1000       0

TOTAL           Name                               Link     Load   Length     Space
        CLASS   STACK          

        CLASS   CODE           
                end_init                             12       12        3         0
                cinit                                15       15       17         0
                intentry                              4        4        E         0
                reset_vec                             0        0        3         0
                text44                              A27      A27        2         0
                text43                              BCF      BCF       22         0
                text42                              CD0      CD0       37         0
                text41                              A98      A98       16         0
                text40                              E83      E83       6E         0
                text39                              37A      37A      109         0
                text38                              65A      65A       D3         0
                text37                              A4A      A4A        A         0
                text36                              F72      F72       8E         0
                text35                              D89      D89       4D         0
                text34                              A63      A63       10         0
                text33                              B91      B91       1E         0
                text32                              AAE      AAE       18         0
                text31                              C3C      C3C       2D         0
                text30                              A32      A32        8         0
                text29                              AF6      AF6       19         0
                text28                              AC6      AC6       18         0
                text27                              ADE      ADE       18         0
                text26                              A3A      A3A        8         0
                text25                              A29      A29        4         0
                text24                              BF1      BF1       24         0
                text23                              72D      72D       94         0
                text22                              236      236      144         0
                text21                              A2D      A2D        5         0
                text20                              C69      C69       33         0
                text19                              A73      A73       12         0
                text18                              B41      B41       1A         0
                text17                              A54      A54        F         0
                text16                              BAF      BAF       20         0
                text15                              B0F      B0F       19         0
                text14                              B28      B28       19         0
                text13                              D07      D07       3E         0
                text12                              B5B      B5B       1A         0
                text11                              EF1      EF1       81         0
                text10                              E28      E28       5B         0
                text9                               B75      B75       1C         0
                text8                               C15      C15       27         0
                text7                               D45      D45       44         0
                text6                               483      483      101         0
                text5                               DD6      DD6       52         0
                text4                               7C1      7C1       3E         0
                text3                               C9C      C9C       34         0
                text2                               584      584       D6         0
                text1                               A85      A85       13         0
                maintext                             2C       2C      20A         0
                clrtext                             A42      A42        8         0

        CLASS   STRCODE        

        CLASS   STRING         
                strings                             800      800       1D         0

        CLASS   CONST          

        CLASS   ENTRY          

        CLASS   COMMON         
                cstackCOMMON                         70       70        6         1
                bssCOMMON                            76       76        3         1

        CLASS   BANK0          
                cstackBANK0                          20       20       4E         1

        CLASS   BANK1          
                cstackBANK1                          A0       A0       24         1
                bssBANK1                             C4       C4       23         1

        CLASS   BANK2          

        CLASS   BANK3          
                bssBANK3                            190      190       20         1

        CLASS   RAM            

        CLASS   ABS1           
                abs_s1                               7E       7E        2         1

        CLASS   SFR0           

        CLASS   SFR1           

        CLASS   SFR2           

        CLASS   SFR3           

        CLASS   CONFIG         
                config                             2007     2007        1         0

        CLASS   IDLOC          

        CLASS   EEDATA         
                bssEEDATA                             0     2100        2         3



SEGMENTS        Name                           Load    Length   Top    Selector   Space  Class     Delta

                reset_vec                      000000  000003  000003         0       0  CODE        2
                intentry                       000004  0007FB  0007FF         8       0  CODE        2
                cstackBANK0                    000020  00004E  00006E        20       1  BANK0       1
                cstackCOMMON                   000070  000009  000079        70       1  COMMON      1
                cstackBANK1                    0000A0  000047  0000E7        A0       1  BANK1       1
                bssBANK3                       000190  000020  0001B0       190       1  BANK3       1
                strings                        000800  00001D  00081D      1000       0  STRING      2
                text44                         000A27  000002  000A29      144E       0  CODE        2
                text25                         000A29  000004  000A2D      1452       0  CODE        2
                text21                         000A2D  000005  000A32      145A       0  CODE        2
                text30                         000A32  000008  000A3A      1464       0  CODE        2
                text26                         000A3A  000008  000A42      1474       0  CODE        2
                clrtext                        000A42  000008  000A4A      1484       0  CODE        2
                text37                         000A4A  00000A  000A54      1494       0  CODE        2
                text17                         000A54  00000F  000A63      14A8       0  CODE        2
                text34                         000A63  000010  000A73      14C6       0  CODE        2
                text19                         000A73  000012  000A85      14E6       0  CODE        2
                text1                          000A85  000013  000A98      150A       0  CODE        2
                text41                         000A98  000016  000AAE      1530       0  CODE        2
                text32                         000AAE  000018  000AC6      155C       0  CODE        2
                text28                         000AC6  000018  000ADE      158C       0  CODE        2
                text27                         000ADE  000018  000AF6      15BC       0  CODE        2
                text29                         000AF6  000019  000B0F      15EC       0  CODE        2
                text15                         000B0F  000019  000B28      161E       0  CODE        2
                text14                         000B28  000019  000B41      1650       0  CODE        2
                text18                         000B41  00001A  000B5B      1682       0  CODE        2
                text12                         000B5B  00001A  000B75      16B6       0  CODE        2
                text9                          000B75  00001C  000B91      16EA       0  CODE        2
                text33                         000B91  00001E  000BAF      1722       0  CODE        2
                text16                         000BAF  000020  000BCF      175E       0  CODE        2
                text43                         000BCF  000022  000BF1      179E       0  CODE        2
                text24                         000BF1  000024  000C15      17E2       0  CODE        2
                text8                          000C15  000027  000C3C      182A       0  CODE        2
                text31                         000C3C  00002D  000C69      1878       0  CODE        2
                text20                         000C69  000033  000C9C      18D2       0  CODE        2
                text3                          000C9C  000034  000CD0      1938       0  CODE        2
                text42                         000CD0  000037  000D07      19A0       0  CODE        2
                text13                         000D07  00003E  000D45      1A0E       0  CODE        2
                text7                          000D45  000044  000D89      1A8A       0  CODE        2
                text35                         000D89  00004D  000DD6      1B12       0  CODE        2
                text5                          000DD6  000052  000E28      1BAC       0  CODE        2
                text10                         000E28  00005B  000E83      1C50       0  CODE        2
                text40                         000E83  00006E  000EF1      1D06       0  CODE        2
                text11                         000EF1  000081  000F72      1DE2       0  CODE        2
                text36                         000F72  00008E  001000      1EE4       0  CODE        2
                config                         002007  000001  002008      400E       0  CONFIG      2
                bssEEDATA                      002100  000002  002102      4200       3  EEDATA      2


UNUSED ADDRESS RANGES

        Name                Unused          Largest block    Delta
        BANK0            006E-006F              2           1
        BANK1            00E7-00EF              9           1
        BANK2            0110-016F             60           1
        BANK3            01B0-01EF             40           1
        CODE             0003-0003              1           2
                         07FF-07FF              1
                         081D-0A26            20A
                         1000-1FFF            800
        COMMON           0079-007D              5           1
        CONST            0003-0003              1           2
                         07FF-07FF              1
                         081D-0A26            100
                         1000-1FFF            100
        EEDATA           2102-21FF             FE           2
        ENTRY            0003-0003              1           2
                         07FF-07FF              1
                         081D-0A26            100
                         1000-1FFF            100
        IDLOC            2000-2003              4           2
        RAM              006E-006F              2           1
                         00E7-00EF              9
                         0110-016F             60
                         01B0-01EF             40
        SFR0             0000-001F             20           1
        SFR1             0080-009F             20           1
        SFR2             0100-010F             10           1
        SFR3             0180-018F             10           1
        STACK            0110-016F             60           1
        STRCODE          0003-0003              1           2
                         07FF-07FF              1
                         081D-0A26            20A
                         1000-1FFF           1000
        STRING           0003-0003              1           2
                         07FF-07FF              1
                         081D-0A26            100
                         1000-1FFF            100

                                  Symbol Table

?___eetoi                      cstackBANK0  0024
?___ftadd                      cstackBANK0  003B
?___ftmul                      cstackBANK0  002B
?___ftneg                      cstackBANK0  002F
?___ftpack                     cstackBANK0  0020
?___fttol                      cstackBANK0  003B
?___lbtoft                     cstackBANK0  0028
?___lwdiv                      cstackBANK0  0020
?___lwmod                      cstackBANK0  0027
?___lwtoft                     cstackBANK0  0028
?_si4703_getchannel            cstackBANK0  0020
?_si4703_getrssi               cstackBANK0  0022
?_sprintf                      cstackBANK0  002D
_ADCON0bits                    (abs)        001F
_CARRY                         (abs)        0018
_EEADR                         (abs)        010D
_EECON1                        (abs)        018C
_EECON2                        (abs)        018D
_EEDATA                        (abs)        010C
_GIE                           (abs)        005F
_INTCONbits                    (abs)        000B
_PIE1bits                      (abs)        008C
_PIR1bits                      (abs)        000C
_PORTB                         (abs)        0006
_PORTBbits                     (abs)        0006
_PORTCbits                     (abs)        0007
_PORTD                         (abs)        0008
_RCIF                          (abs)        0065
_RCREG                         (abs)        001A
_RCSTA                         (abs)        0018
_RD                            (abs)        0C60
_SPBRG                         (abs)        0099
_SSPADD                        (abs)        0093
_SSPBUF                        (abs)        0013
_SSPCON                        (abs)        0014
_SSPCON2bits                   (abs)        0091
_SSPCONbits                    (abs)        0014
_SSPSTAT                       (abs)        0094
_T1CONbits                     (abs)        0010
_TRISBbits                     (abs)        0086
_TRISCbits                     (abs)        0087
_TRISD                         (abs)        0088
_TXIF                          (abs)        0064
_TXREG                         (abs)        0019
_TXSTA                         (abs)        0098
_WR                            (abs)        0C61
_WREN                          (abs)        0C62
__CFG_BOREN$ON                 (abs)        0000
__CFG_CP$OFF                   (abs)        0000
__CFG_CPD$OFF                  (abs)        0000
__CFG_FOSC$HS                  (abs)        0000
__CFG_LVP$OFF                  (abs)        0000
__CFG_PWRTE$ON                 (abs)        0000
__CFG_WDTE$OFF                 (abs)        0000
__Habs1                        abs1         0000
__Hbank0                       bank0        0000
__Hbank1                       bank1        0000
__Hbank2                       bank2        0000
__Hbank3                       bank3        0000
__HbssBANK1                    bssBANK1     0000
__HbssBANK3                    bssBANK3     0000
__HbssCOMMON                   bssCOMMON    0000
__HbssEEDATA                   bssEEDATA    0000
__Hcinit                       cinit        002C
__Hclrtext                     clrtext      0000
__Hcode                        code         0000
__Hcommon                      common       0000
__Hconfig                      config       2008
__HcstackBANK0                 cstackBANK0  0000
__HcstackBANK1                 cstackBANK1  0000
__HcstackCOMMON                cstackCOMMON 0000
__Heeprom_data                 eeprom_data  0000
__Hend_init                    end_init     0015
__Hfunctab                     functab      0000
__Hidloc                       idloc        0000
__Hinit                        init         0012
__Hintentry                    intentry     0012
__Hmaintext                    maintext     0000
__Hpowerup                     powerup      0000
__Hram                         ram          0000
__Hreset_vec                   reset_vec    0003
__Hsfr0                        sfr0         0000
__Hsfr1                        sfr1         0000
__Hsfr2                        sfr2         0000
__Hsfr3                        sfr3         0000
__Hspace_0                     (abs)        2008
__Hspace_1                     (abs)        01B0
__Hspace_2                     (abs)        0000
__Hspace_3                     (abs)        0002
__Hstack                       stack        0000
__Hstrings                     strings      0000
__Htext                        text         0000
__Labs1                        abs1         0000
__Lbank0                       bank0        0000
__Lbank1                       bank1        0000
__Lbank2                       bank2        0000
__Lbank3                       bank3        0000
__LbssBANK1                    bssBANK1     0000
__LbssBANK3                    bssBANK3     0000
__LbssCOMMON                   bssCOMMON    0000
__LbssEEDATA                   bssEEDATA    0000
__Lcinit                       cinit        0015
__Lclrtext                     clrtext      0000
__Lcode                        code         0000
__Lcommon                      common       0000
__Lconfig                      config       2007
__LcstackBANK0                 cstackBANK0  0000
__LcstackBANK1                 cstackBANK1  0000
__LcstackCOMMON                cstackCOMMON 0000
__Leeprom_data                 eeprom_data  0000
__Lend_init                    end_init     0012
__Lfunctab                     functab      0000
__Lidloc                       idloc        0000
__Linit                        init         0012
__Lintentry                    intentry     0004
__Lmaintext                    maintext     0000
__Lpowerup                     powerup      0000
__Lram                         ram          0000
__Lreset_vec                   reset_vec    0000
__Lsfr0                        sfr0         0000
__Lsfr1                        sfr1         0000
__Lsfr2                        sfr2         0000
__Lsfr3                        sfr3         0000
__Lspace_0                     (abs)        0000
__Lspace_1                     (abs)        0000
__Lspace_2                     (abs)        0000
__Lspace_3                     (abs)        0000
__Lstack                       stack        0000
__Lstrings                     strings      0000
__Ltext                        text         0000
__S0                           (abs)        2008
__S1                           (abs)        01B0
__S2                           (abs)        0000
__S3                           (abs)        2102
___eetoi                       text41       0A98
___eetoi@addr                  cstackBANK0  0028
___eetoi@data                  cstackBANK0  0029
___ftadd                       text39       037A
___ftadd@exp1                  cstackBANK0  0047
___ftadd@exp2                  cstackBANK0  0046
___ftadd@f1                    cstackBANK0  003B
___ftadd@f2                    cstackBANK0  003E
___ftadd@sign                  cstackBANK0  0045
___ftmul                       text38       065A
___ftmul@cntr                  cstackBANK0  0039
___ftmul@exp                   cstackBANK0  0035
___ftmul@f1                    cstackBANK0  002B
___ftmul@f2                    cstackBANK0  002E
___ftmul@f3_as_product         cstackBANK0  0036
___ftmul@sign                  cstackBANK0  003A
___ftneg                       text37       0A4A
___ftneg@f1                    cstackBANK0  002F
___ftpack                      text40       0E83
___ftpack@arg                  cstackBANK0  0020
___ftpack@exp                  cstackBANK0  0023
___ftpack@sign                 cstackBANK0  0024
___fttol                       text36       0F72
___fttol@exp1                  cstackBANK0  0048
___fttol@f1                    cstackBANK0  003B
___fttol@lval                  cstackBANK0  0044
___fttol@sign1                 cstackBANK0  0043
___int_sp                      stack        0000
___itoee                       text34       0A63
___itoee@addr                  cstackBANK0  0028
___itoee@data                  cstackBANK0  0024
___latbits                     (abs)        0002
___lbtoft                      text33       0B91
___lbtoft@c                    cstackCOMMON 0075
___lwdiv                       text4        07C1
___lwdiv@counter               cstackBANK0  0024
___lwdiv@dividend              cstackBANK0  0022
___lwdiv@divisor               cstackBANK0  0020
___lwdiv@quotient              cstackBANK0  0025
___lwmod                       text3        0C9C
___lwmod@counter               cstackBANK0  002C
___lwmod@dividend              cstackBANK0  0029
___lwmod@divisor               cstackBANK0  0027
___lwtoft                      text32       0AAE
___lwtoft@c                    cstackBANK0  0028
___sp                          stack        0000
__end_of___eetoi               text41       0AAE
__end_of___ftadd               text39       0483
__end_of___ftmul               text38       072D
__end_of___ftneg               text37       0A54
__end_of___ftpack              text40       0EF1
__end_of___fttol               text36       1000
__end_of___itoee               text34       0A73
__end_of___lbtoft              text33       0BAF
__end_of___lwdiv               text4        07FF
__end_of___lwmod               text3        0CD0
__end_of___lwtoft              text32       0AC6
__end_of__initialization       cinit        0028
__end_of__stringtab            strings      0806
__end_of_debounce              text31       0C69
__end_of_dpowers               strings      0810
__end_of_eecpymem              text42       0D07
__end_of_hd44780_init          text22       037A
__end_of_hd44780_lightoff      text44       0A29
__end_of_hd44780_lighton       text21       0A32
__end_of_hd44780_puts          text20       0C9C
__end_of_hd44780_puts_at       text19       0A85
__end_of_hd44780_write         text23       07C1
__end_of_i2c_check_overflow    text26       0A42
__end_of_i2c_enable            text25       0A2D
__end_of_i2c_init              text12       0B75
__end_of_i2c_read_ack          text30       0A3A
__end_of_i2c_read_data         text16       0BCF
__end_of_i2c_send_ack          text15       0B28
__end_of_i2c_send_controlbyte  text29       0B0F
__end_of_i2c_send_data         text28       0ADE
__end_of_i2c_send_nack         text14       0B41
__end_of_i2c_start             text27       0AF6
__end_of_i2c_stop              text24       0C15
__end_of_init                  text18       0B5B
__end_of_isr                   text43       0BF1
__end_of_main                  maintext     0236
__end_of_memcpyee              text35       0DD6
__end_of_si4703_getchannel     text17       0A63
__end_of_si4703_getrssi        text13       0D45
__end_of_si4703_init           text6        0584
__end_of_si4703_read_regs      text11       0F72
__end_of_si4703_seek           text5        0E28
__end_of_si4703_set_volume     text9        0B91
__end_of_si4703_setup_2wire    text8        0C3C
__end_of_si4703_tune           text7        0D89
__end_of_si4703_write_regs     text10       0E83
__end_of_sprintf               text2        065A
__end_of_uart_init             text1        0A98
__initialization               cinit        0015
__pbssBANK1                    bssBANK1     00C4
__pbssBANK3                    bssBANK3     0190
__pbssCOMMON                   bssCOMMON    0076
__pbssEEDATA                   bssEEDATA    0000
__pcstackBANK0                 cstackBANK0  0020
__pcstackBANK1                 cstackBANK1  00A0
__pcstackCOMMON                cstackCOMMON 0070
__pintentry                    intentry     0004
__pmaintext                    maintext     002C
__pstrings                     strings      0800
__ptext1                       text1        0A85
__ptext10                      text10       0E28
__ptext11                      text11       0EF1
__ptext12                      text12       0B5B
__ptext13                      text13       0D07
__ptext14                      text14       0B28
__ptext15                      text15       0B0F
__ptext16                      text16       0BAF
__ptext17                      text17       0A54
__ptext18                      text18       0B41
__ptext19                      text19       0A73
__ptext2                       text2        0584
__ptext20                      text20       0C69
__ptext21                      text21       0A2D
__ptext22                      text22       0236
__ptext23                      text23       072D
__ptext24                      text24       0BF1
__ptext25                      text25       0A29
__ptext26                      text26       0A3A
__ptext27                      text27       0ADE
__ptext28                      text28       0AC6
__ptext29                      text29       0AF6
__ptext3                       text3        0C9C
__ptext30                      text30       0A32
__ptext31                      text31       0C3C
__ptext32                      text32       0AAE
__ptext33                      text33       0B91
__ptext34                      text34       0A63
__ptext35                      text35       0D89
__ptext36                      text36       0F72
__ptext37                      text37       0A4A
__ptext38                      text38       065A
__ptext39                      text39       037A
__ptext4                       text4        07C1
__ptext40                      text40       0E83
__ptext41                      text41       0A98
__ptext42                      text42       0CD0
__ptext43                      text43       0BCF
__ptext44                      text44       0A27
__ptext5                       text5        0DD6
__ptext6                       text6        0483
__ptext7                       text7        0D45
__ptext8                       text8        0C15
__ptext9                       text9        0B75
__size_of___eetoi              (abs)        0000
__size_of___ftadd              (abs)        0000
__size_of___ftmul              (abs)        0000
__size_of___ftneg              (abs)        0000
__size_of___ftpack             (abs)        0000
__size_of___fttol              (abs)        0000
__size_of___itoee              (abs)        0000
__size_of___lbtoft             (abs)        0000
__size_of___lwdiv              (abs)        0000
__size_of___lwmod              (abs)        0000
__size_of___lwtoft             (abs)        0000
__size_of_debounce             (abs)        0000
__size_of_eecpymem             (abs)        0000
__size_of_hd44780_init         (abs)        0000
__size_of_hd44780_lightoff     (abs)        0000
__size_of_hd44780_lighton      (abs)        0000
__size_of_hd44780_puts         (abs)        0000
__size_of_hd44780_puts_at      (abs)        0000
__size_of_hd44780_write        (abs)        0000
__size_of_i2c_check_overflow   (abs)        0000
__size_of_i2c_enable           (abs)        0000
__size_of_i2c_init             (abs)        0000
__size_of_i2c_read_ack         (abs)        0000
__size_of_i2c_read_data        (abs)        0000
__size_of_i2c_send_ack         (abs)        0000
__size_of_i2c_send_controlbyte (abs)        0000
__size_of_i2c_send_data        (abs)        0000
__size_of_i2c_send_nack        (abs)        0000
__size_of_i2c_start            (abs)        0000
__size_of_i2c_stop             (abs)        0000
__size_of_init                 (abs)        0000
__size_of_isr                  (abs)        0000
__size_of_main                 (abs)        0000
__size_of_memcpyee             (abs)        0000
__size_of_si4703_getchannel    (abs)        0000
__size_of_si4703_getrssi       (abs)        0000
__size_of_si4703_init          (abs)        0000
__size_of_si4703_read_regs     (abs)        0000
__size_of_si4703_seek          (abs)        0000
__size_of_si4703_set_volume    (abs)        0000
__size_of_si4703_setup_2wire   (abs)        0000
__size_of_si4703_tune          (abs)        0000
__size_of_si4703_write_regs    (abs)        0000
__size_of_sprintf              (abs)        0000
__size_of_uart_init            (abs)        0000
__stringbase                   strings      0805
__stringtab                    strings      0800
_debounce                      text31       0C3C
_dpowers                       strings      0806
_eecpymem                      text42       0CD0
_hd44780_init                  text22       0236
_hd44780_lightoff              text44       0A27
_hd44780_lighton               text21       0A2D
_hd44780_puts                  text20       0C69
_hd44780_puts_at               text19       0A73
_hd44780_write                 text23       072D
_i2c_check_overflow            text26       0A3A
_i2c_enable                    text25       0A29
_i2c_init                      text12       0B5B
_i2c_read_ack                  text30       0A32
_i2c_read_data                 text16       0BAF
_i2c_send_ack                  text15       0B0F
_i2c_send_controlbyte          text29       0AF6
_i2c_send_data                 text28       0AC6
_i2c_send_nack                 text14       0B28
_i2c_start                     text27       0ADE
_i2c_stop                      text24       0BF1
_init                          text18       0B41
_isr                           text43       0BCF
_last_channel                  bssEEDATA    0000
_light_status                  bssCOMMON    0077
_main                          maintext     002C
_memcpyee                      text35       0D89
_rssi                          bssBANK1     00C4
_scale                         bssBANK1     00C6
_si4703_getchannel             text17       0A54
_si4703_getrssi                text13       0D07
_si4703_init                   text6        0483
_si4703_read_regs              text11       0EF1
_si4703_regs                   bssBANK1     00C7
_si4703_seek                   text5        0DD6
_si4703_set_volume             text9        0B75
_si4703_setup_2wire            text8        0C15
_si4703_tune                   text7        0D45
_si4703_write_regs             text10       0E28
_sprintf                       text2        0584
_tries                         bssCOMMON    0078
_uart_init                     text1        0A85
btemp                          (abs)        007E
clear_ram0                     clrtext      0A42
debounce@count                 cstackBANK0  0023
debounce@pin                   cstackCOMMON 0075
debounce@port                  cstackBANK0  0022
eecpymem@cp                    cstackBANK0  0022
eecpymem@from                  cstackBANK0  0020
eecpymem@size                  cstackBANK0  0021
eecpymem@to                    cstackBANK0  0023
end_of_initialization          cinit        0028
hd44780_init@ack               cstackBANK0  002B
hd44780_puts@ch                cstackBANK0  002A
hd44780_puts_at@ch             cstackBANK0  002C
hd44780_puts_at@loc            cstackBANK0  002B
hd44780_write@ack              cstackBANK0  0025
hd44780_write@bt               cstackBANK0  0026
hd44780_write@rs_flag          cstackBANK0  0022
hd44780_write@tmp1             cstackBANK0  0028
hd44780_write@tmp2             cstackBANK0  0027
i2c_send_controlbyte@addr      cstackBANK0  0021
i2c_send_controlbyte@rw_bit    cstackCOMMON 0075
i2c_send_data@dta              cstackBANK0  0020
interrupt_function             intentry     0004
intlevel0                      functab      0000
intlevel1                      functab      0000
intlevel2                      functab      0000
intlevel3                      functab      0000
intlevel4                      functab      0000
intlevel5                      functab      0000
ltemp                          (abs)        007E
ltemp0                         (abs)        007E
ltemp1                         (abs)        0082
ltemp2                         (abs)        0086
ltemp3                         (abs)        0080
main@F1383                     bssBANK3     0190
main@btn_pressed               cstackBANK1  00C2
main@buff                      cstackBANK1  00A9
main@channel                   cstackBANK1  00BC
main@chn                       cstackBANK1  00BF
main@f1                        cstackBANK1  00B9
main@frac                      cstackBANK1  00BE
main@whole                     cstackBANK1  00C3
memcpyee@from                  cstackBANK0  0020
memcpyee@ptr                   cstackBANK0  0022
memcpyee@size                  cstackBANK0  0021
memcpyee@to                    cstackBANK0  0023
reset_vec                      reset_vec    0000
saved_w                        (abs)        007E
si4703_getrssi@buff            cstackBANK0  0025
si4703_init@F1437              bssBANK3     01A0
si4703_init@ack                cstackBANK0  0066
si4703_init@buff               cstackBANK0  0056
si4703_init@chip_number        cstackBANK0  006D
si4703_init@chip_rev           cstackBANK0  006C
si4703_init@device_id          cstackBANK0  006B
si4703_init@firmware_ver       cstackBANK0  0069
si4703_init@manu_id            cstackBANK0  0067
si4703_read_regs@buff          cstackBANK0  0027
si4703_read_regs@i             cstackBANK0  004A
si4703_read_regs@r             cstackBANK0  0049
si4703_read_regs@tmp           cstackBANK0  0047
si4703_read_regs@x             cstackBANK0  0048
si4703_seek@seekdown           cstackBANK0  004E
si4703_set_volume@val          cstackBANK0  004D
si4703_tune@chn                cstackBANK0  0050
si4703_tune@freq               cstackBANK0  004B
si4703_write_regs@i            cstackBANK0  0026
si4703_write_regs@r            cstackBANK0  0027
sprintf@ap                     cstackBANK0  0035
sprintf@c                      cstackBANK0  003B
sprintf@f                      cstackBANK0  002D
sprintf@flag                   cstackBANK0  0036
sprintf@prec                   cstackBANK0  0037
sprintf@sp                     cstackBANK0  003A
sprintf@val                    cstackBANK0  0038
stackhi                        (abs)        0000
stacklo                        (abs)        0000
start                          init         0012
start_initialization           cinit        0015
ttemp                          (abs)        007E
ttemp0                         (abs)        007E
ttemp1                         (abs)        0081
ttemp2                         (abs)        0084
ttemp3                         (abs)        0087
ttemp4                         (abs)        007F
wtemp                          (abs)        007E
wtemp0                         (abs)        007E
wtemp1                         (abs)        0080
wtemp2                         (abs)        0082
wtemp3                         (abs)        0084
wtemp4                         (abs)        0086
wtemp5                         (abs)        0088
wtemp6                         (abs)        007F


FUNCTION INFORMATION:

 *************** function _main *****************
 Defined at:
		line 104 in file "main.c"
 Parameters:    Size  Location     Type
  argc            2    0[BANK1 ] int 
  argv            2    2[BANK1 ] PTR PTR unsigned char 
 Auto vars:     Size  Location     Type
  chn             3   31[BANK1 ] float 
  f1              3   25[BANK1 ] float 
  buff           16    9[BANK1 ] unsigned char [16]
  channel         2   28[BANK1 ] unsigned int 
  whole           1   35[BANK1 ] unsigned char 
  btn_pressed     1   34[BANK1 ] unsigned char 
  frac            1   30[BANK1 ] unsigned char 
 Return value:  Size  Location     Type
                  2    0[BANK1 ] int 
 Registers used:
		wreg, fsr0l, fsr0h, status,2, status,0, btemp+1, pclath, cstack
 Tracked objects:
		On entry : 
		On exit  : 
		Unchanged: 
 Data sizes:     COMMON   BANK0   BANK1   BANK3   BANK2
      Params:         0       0       4       0       0
      Locals:         0       0      27       0       0
      Temps:          0       0       5       0       0
      Totals:         0       0      36       0       0
Total ram usage:       36 bytes
 Hardware stack levels required when called:    7
 This function calls:
		___eetoi
		___ftadd
		___ftmul
		___ftneg
		___fttol
		___itoee
		___lbtoft
		___lwtoft
		_debounce
		_hd44780_init
		_hd44780_lighton
		_hd44780_puts_at
		_init
		_si4703_getchannel
		_si4703_getrssi
		_si4703_init
		_si4703_seek
		_si4703_tune
		_sprintf
		_uart_init
 This function is called by:
		Startup code after reset
 This function uses a non-reentrant model


 *************** function _uart_init *****************
 Defined at:
		line 7 in file "uart.c"
 Parameters:    Size  Location     Type
		None
 Auto vars:     Size  Location     Type
		None
 Return value:  Size  Location     Type
		None               void
 Registers used:
		wreg, status,2
 Tracked objects:
		On entry : 
		On exit  : 
		Unchanged: 
 Data sizes:     COMMON   BANK0   BANK1   BANK3   BANK2
      Params:         0       0       0       0       0
      Locals:         0       0       0       0       0
      Temps:          0       0       0       0       0
      Totals:         0       0       0       0       0
Total ram usage:        0 bytes
 Hardware stack levels used:    1
 Hardware stack levels required when called:    2
 This function calls:
		Nothing
 This function is called by:
		_main
 This function uses a non-reentrant model


 *************** function _sprintf *****************
 Defined at:
		line 492 in file "/opt/microchip/xc8/v1.35/sources/common/doprnt.c"
 Parameters:    Size  Location     Type
  sp              1    wreg     PTR unsigned char 
		 -> main@buff(16), 
  f               1   13[BANK0 ] PTR const unsigned char 
		 -> STR_2(10), STR_1(3), 
 Auto vars:     Size  Location     Type
  sp              1   26[BANK0 ] PTR unsigned char 
		 -> main@buff(16), 
  tmpval          4    0        struct .
  val             2   24[BANK0 ] unsigned int 
  cp              2    0        PTR const unsigned char 
  len             2    0        unsigned int 
  c               1   27[BANK0 ] char 
  prec            1   23[BANK0 ] char 
  flag            1   22[BANK0 ] unsigned char 
  ap              1   21[BANK0 ] PTR void [1]
		 -> ?_sprintf(2), 
 Return value:  Size  Location     Type
                  2   13[BANK0 ] int 
 Registers used:
		wreg, fsr0l, fsr0h, status,2, status,0, btemp+1, pclath, cstack
 Tracked objects:
		On entry : 
		On exit  : 
		Unchanged: 
 Data sizes:     COMMON   BANK0   BANK1   BANK3   BANK2
      Params:         0       5       0       0       0
      Locals:         0       7       0       0       0
      Temps:          0       3       0       0       0
      Totals:         0      15       0       0       0
Total ram usage:       15 bytes
 Hardware stack levels used:    1
 Hardware stack levels required when called:    3
 This function calls:
		___lwdiv
		___lwmod
 This function is called by:
		_main
 This function uses a non-reentrant model


 *************** function ___lwmod *****************
 Defined at:
		line 6 in file "/opt/microchip/xc8/v1.35/sources/common/lwmod.c"
 Parameters:    Size  Location     Type
  divisor         2    7[BANK0 ] unsigned int 
  dividend        2    9[BANK0 ] unsigned int 
 Auto vars:     Size  Location     Type
  counter         1   12[BANK0 ] unsigned char 
 Return value:  Size  Location     Type
                  2    7[BANK0 ] unsigned int 
 Registers used:
		wreg, status,2, status,0
 Tracked objects:
		On entry : 
		On exit  : 
		Unchanged: 
 Data sizes:     COMMON   BANK0   BANK1   BANK3   BANK2
      Params:         0       4       0       0       0
      Locals:         0       1       0       0       0
      Temps:          0       1       0       0       0
      Totals:         0       6       0       0       0
Total ram usage:        6 bytes
 Hardware stack levels used:    1
 Hardware stack levels required when called:    2
 This function calls:
		Nothing
 This function is called by:
		_sprintf
 This function uses a non-reentrant model


 *************** function ___lwdiv *****************
 Defined at:
		line 6 in file "/opt/microchip/xc8/v1.35/sources/common/lwdiv.c"
 Parameters:    Size  Location     Type
  divisor         2    0[BANK0 ] unsigned int 
  dividend        2    2[BANK0 ] unsigned int 
 Auto vars:     Size  Location     Type
  quotient        2    5[BANK0 ] unsigned int 
  counter         1    4[BANK0 ] unsigned char 
 Return value:  Size  Location     Type
                  2    0[BANK0 ] unsigned int 
 Registers used:
		wreg, status,2, status,0
 Tracked objects:
		On entry : 
		On exit  : 
		Unchanged: 
 Data sizes:     COMMON   BANK0   BANK1   BANK3   BANK2
      Params:         0       4       0       0       0
      Locals:         0       3       0       0       0
      Temps:          1       0       0       0       0
      Totals:         1       7       0       0       0
Total ram usage:        8 bytes
 Hardware stack levels used:    1
 Hardware stack levels required when called:    2
 This function calls:
		Nothing
 This function is called by:
		_sprintf
 This function uses a non-reentrant model


 *************** function _si4703_seek *****************
 Defined at:
		line 289 in file "si4703.c"
 Parameters:    Size  Location     Type
  seekdown        1    wreg     unsigned char 
 Auto vars:     Size  Location     Type
  seekdown        1   46[BANK0 ] unsigned char 
 Return value:  Size  Location     Type
		None               void
 Registers used:
		wreg, fsr0l, fsr0h, status,2, status,0, pclath, cstack
 Tracked objects:
		On entry : 
		On exit  : 
		Unchanged: 
 Data sizes:     COMMON   BANK0   BANK1   BANK3   BANK2
      Params:         0       0       0       0       0
      Locals:         0       1       0       0       0
      Temps:          0       3       0       0       0
      Totals:         0       4       0       0       0
Total ram usage:        4 bytes
 Hardware stack levels used:    1
 Hardware stack levels required when called:    5
 This function calls:
		_si4703_read_regs
		_si4703_write_regs
 This function is called by:
		_main
 This function uses a non-reentrant model


 *************** function _si4703_init *****************
 Defined at:
		line 36 in file "si4703.c"
 Parameters:    Size  Location     Type
		None
 Auto vars:     Size  Location     Type
  buff           16   54[BANK0 ] unsigned char [16]
  firmware_ver    2   73[BANK0 ] unsigned int 
  manu_id         2   71[BANK0 ] unsigned int 
  chip_number     1   77[BANK0 ] unsigned char 
  chip_rev        1   76[BANK0 ] unsigned char 
  device_id       1   75[BANK0 ] unsigned char 
  ack             1   70[BANK0 ] unsigned char 
 Return value:  Size  Location     Type
		None               void
 Registers used:
		wreg, fsr0l, fsr0h, status,2, status,0, pclath, cstack
 Tracked objects:
		On entry : 
		On exit  : 
		Unchanged: 
 Data sizes:     COMMON   BANK0   BANK1   BANK3   BANK2
      Params:         0       0       0       0       0
      Locals:         0      24       0       0       0
      Temps:          0       4       0       0       0
      Totals:         0      28       0       0       0
Total ram usage:       28 bytes
 Hardware stack levels used:    1
 Hardware stack levels required when called:    6
 This function calls:
		_i2c_init
		_si4703_read_regs
		_si4703_set_volume
		_si4703_setup_2wire
		_si4703_tune
		_si4703_write_regs
 This function is called by:
		_main
 This function uses a non-reentrant model


 *************** function _si4703_tune *****************
 Defined at:
		line 191 in file "si4703.c"
 Parameters:    Size  Location     Type
  freq            2   43[BANK0 ] unsigned int 
 Auto vars:     Size  Location     Type
  chn             2   48[BANK0 ] unsigned int 
 Return value:  Size  Location     Type
		None               void
 Registers used:
		wreg, fsr0l, fsr0h, status,2, status,0, pclath, cstack
 Tracked objects:
		On entry : 
		On exit  : 
		Unchanged: 
 Data sizes:     COMMON   BANK0   BANK1   BANK3   BANK2
      Params:         0       2       0       0       0
      Locals:         0       2       0       0       0
      Temps:          0       3       0       0       0
      Totals:         0       7       0       0       0
Total ram usage:        7 bytes
 Hardware stack levels used:    1
 Hardware stack levels required when called:    5
 This function calls:
		_si4703_read_regs
		_si4703_write_regs
 This function is called by:
		_main
		_si4703_init
 This function uses a non-reentrant model


 *************** function _si4703_setup_2wire *****************
 Defined at:
		line 22 in file "si4703.c"
 Parameters:    Size  Location     Type
		None
 Auto vars:     Size  Location     Type
		None
 Return value:  Size  Location     Type
		None               void
 Registers used:
		wreg
 Tracked objects:
		On entry : 
		On exit  : 
		Unchanged: 
 Data sizes:     COMMON   BANK0   BANK1   BANK3   BANK2
      Params:         0       0       0       0       0
      Locals:         0       0       0       0       0
      Temps:          0       3       0       0       0
      Totals:         0       3       0       0       0
Total ram usage:        3 bytes
 Hardware stack levels used:    1
 Hardware stack levels required when called:    2
 This function calls:
		Nothing
 This function is called by:
		_si4703_init
 This function uses a non-reentrant model


 *************** function _si4703_set_volume *****************
 Defined at:
		line 210 in file "si4703.c"
 Parameters:    Size  Location     Type
  val             1    wreg     unsigned char 
 Auto vars:     Size  Location     Type
  val             1   45[BANK0 ] unsigned char 
 Return value:  Size  Location     Type
		None               void
 Registers used:
		wreg, fsr0l, fsr0h, status,2, status,0, pclath, cstack
 Tracked objects:
		On entry : 
		On exit  : 
		Unchanged: 
 Data sizes:     COMMON   BANK0   BANK1   BANK3   BANK2
      Params:         0       0       0       0       0
      Locals:         0       1       0       0       0
      Temps:          0       2       0       0       0
      Totals:         0       3       0       0       0
Total ram usage:        3 bytes
 Hardware stack levels used:    1
 Hardware stack levels required when called:    5
 This function calls:
		_si4703_read_regs
		_si4703_write_regs
 This function is called by:
		_si4703_init
 This function uses a non-reentrant model


 *************** function _si4703_write_regs *****************
 Defined at:
		line 159 in file "si4703.c"
 Parameters:    Size  Location     Type
  r               1    wreg     PTR unsigned int 
		 -> si4703_regs(32), 
 Auto vars:     Size  Location     Type
  r               1    7[BANK0 ] PTR unsigned int 
		 -> si4703_regs(32), 
  i               1    6[BANK0 ] unsigned char 
 Return value:  Size  Location     Type
		None               void
 Registers used:
		wreg, fsr0l, fsr0h, status,2, status,0, pclath, cstack
 Tracked objects:
		On entry : 
		On exit  : 
		Unchanged: 
 Data sizes:     COMMON   BANK0   BANK1   BANK3   BANK2
      Params:         0       0       0       0       0
      Locals:         0       2       0       0       0
      Temps:          0       4       0       0       0
      Totals:         0       6       0       0       0
Total ram usage:        6 bytes
 Hardware stack levels used:    1
 Hardware stack levels required when called:    4
 This function calls:
		_i2c_read_ack
		_i2c_send_controlbyte
		_i2c_send_data
		_i2c_start
		_i2c_stop
 This function is called by:
		_si4703_init
		_si4703_tune
		_si4703_set_volume
		_si4703_seek
		_si4703_volume_up
		_si4703_volume_down
		_si4703_powerdown
		_si4703_mute
 This function uses a non-reentrant model


 *************** function _si4703_read_regs *****************
 Defined at:
		line 119 in file "si4703.c"
 Parameters:    Size  Location     Type
  r               1    wreg     PTR unsigned int 
		 -> si4703_regs(32), 
 Auto vars:     Size  Location     Type
  r               1   41[BANK0 ] PTR unsigned int 
		 -> si4703_regs(32), 
  buff           32    7[BANK0 ] unsigned char [32]
  i               1   42[BANK0 ] unsigned char 
  x               1   40[BANK0 ] unsigned char 
  tmp             1   39[BANK0 ] unsigned char 
 Return value:  Size  Location     Type
		None               void
 Registers used:
		wreg, fsr0l, fsr0h, status,2, status,0, pclath, cstack
 Tracked objects:
		On entry : 
		On exit  : 
		Unchanged: 
 Data sizes:     COMMON   BANK0   BANK1   BANK3   BANK2
      Params:         0       0       0       0       0
      Locals:         0      36       0       0       0
      Temps:          0       5       0       0       0
      Totals:         0      41       0       0       0
Total ram usage:       41 bytes
 Hardware stack levels used:    1
 Hardware stack levels required when called:    4
 This function calls:
		_i2c_read_ack
		_i2c_read_data
		_i2c_send_ack
		_i2c_send_controlbyte
		_i2c_send_nack
		_i2c_start
		_i2c_stop
 This function is called by:
		_si4703_init
		_si4703_tune
		_si4703_set_volume
		_si4703_seek
		_si4703_volume_up
		_si4703_volume_down
		_si4703_mute
 This function uses a non-reentrant model


 *************** function _i2c_init *****************
 Defined at:
		line 9 in file "i2c.c"
 Parameters:    Size  Location     Type
		None
 Auto vars:     Size  Location     Type
		None
 Return value:  Size  Location     Type
		None               void
 Registers used:
		wreg
 Tracked objects:
		On entry : 
		On exit  : 
		Unchanged: 
 Data sizes:     COMMON   BANK0   BANK1   BANK3   BANK2
      Params:         0       0       0       0       0
      Locals:         0       0       0       0       0
      Temps:          0       2       0       0       0
      Totals:         0       2       0       0       0
Total ram usage:        2 bytes
 Hardware stack levels used:    1
 Hardware stack levels required when called:    2
 This function calls:
		Nothing
 This function is called by:
		_si4703_init
 This function uses a non-reentrant model


 *************** function _si4703_getrssi *****************
 Defined at:
		line 240 in file "si4703.c"
 Parameters:    Size  Location     Type
		None
 Auto vars:     Size  Location     Type
  buff            2    5[BANK0 ] unsigned char [2]
 Return value:  Size  Location     Type
                  2    2[BANK0 ] unsigned int 
 Registers used:
		wreg, status,2, status,0, pclath, cstack
 Tracked objects:
		On entry : 
		On exit  : 
		Unchanged: 
 Data sizes:     COMMON   BANK0   BANK1   BANK3   BANK2
      Params:         0       2       0       0       0
      Locals:         0       2       0       0       0
      Temps:          0       1       0       0       0
      Totals:         0       5       0       0       0
Total ram usage:        5 bytes
 Hardware stack levels used:    1
 Hardware stack levels required when called:    4
 This function calls:
		_i2c_read_ack
		_i2c_read_data
		_i2c_send_ack
		_i2c_send_controlbyte
		_i2c_send_nack
		_i2c_start
		_i2c_stop
 This function is called by:
		_main
 This function uses a non-reentrant model


 *************** function _i2c_send_nack *****************
 Defined at:
		line 139 in file "i2c.c"
 Parameters:    Size  Location     Type
		None
 Auto vars:     Size  Location     Type
		None
 Return value:  Size  Location     Type
		None               void
 Registers used:
		wreg, status,2, status,0
 Tracked objects:
		On entry : 
		On exit  : 
		Unchanged: 
 Data sizes:     COMMON   BANK0   BANK1   BANK3   BANK2
      Params:         0       0       0       0       0
      Locals:         0       0       0       0       0
      Temps:          1       0       0       0       0
      Totals:         1       0       0       0       0
Total ram usage:        1 bytes
 Hardware stack levels used:    1
 Hardware stack levels required when called:    2
 This function calls:
		Nothing
 This function is called by:
		_si4703_read_regs
		_si4703_getrssi
 This function uses a non-reentrant model


 *************** function _i2c_send_ack *****************
 Defined at:
		line 124 in file "i2c.c"
 Parameters:    Size  Location     Type
		None
 Auto vars:     Size  Location     Type
		None
 Return value:  Size  Location     Type
		None               void
 Registers used:
		wreg, status,2, status,0
 Tracked objects:
		On entry : 
		On exit  : 
		Unchanged: 
 Data sizes:     COMMON   BANK0   BANK1   BANK3   BANK2
      Params:         0       0       0       0       0
      Locals:         0       0       0       0       0
      Temps:          1       0       0       0       0
      Totals:         1       0       0       0       0
Total ram usage:        1 bytes
 Hardware stack levels used:    1
 Hardware stack levels required when called:    2
 This function calls:
		Nothing
 This function is called by:
		_si4703_read_regs
		_si4703_getrssi
 This function uses a non-reentrant model


 *************** function _i2c_read_data *****************
 Defined at:
		line 89 in file "i2c.c"
 Parameters:    Size  Location     Type
		None
 Auto vars:     Size  Location     Type
		None
 Return value:  Size  Location     Type
                  1    wreg      unsigned char 
 Registers used:
		wreg, status,2, status,0
 Tracked objects:
		On entry : 
		On exit  : 
		Unchanged: 
 Data sizes:     COMMON   BANK0   BANK1   BANK3   BANK2
      Params:         0       0       0       0       0
      Locals:         0       0       0       0       0
      Temps:          1       0       0       0       0
      Totals:         1       0       0       0       0
Total ram usage:        1 bytes
 Hardware stack levels used:    1
 Hardware stack levels required when called:    2
 This function calls:
		Nothing
 This function is called by:
		_si4703_read_regs
		_si4703_getrssi
 This function uses a non-reentrant model


 *************** function _si4703_getchannel *****************
 Defined at:
		line 264 in file "si4703.c"
 Parameters:    Size  Location     Type
		None
 Auto vars:     Size  Location     Type
		None
 Return value:  Size  Location     Type
                  2    0[BANK0 ] unsigned int 
 Registers used:
		wreg
 Tracked objects:
		On entry : 
		On exit  : 
		Unchanged: 
 Data sizes:     COMMON   BANK0   BANK1   BANK3   BANK2
      Params:         0       2       0       0       0
      Locals:         0       0       0       0       0
      Temps:          0       0       0       0       0
      Totals:         0       2       0       0       0
Total ram usage:        2 bytes
 Hardware stack levels used:    1
 Hardware stack levels required when called:    2
 This function calls:
		Nothing
 This function is called by:
		_main
 This function uses a non-reentrant model


 *************** function _init *****************
 Defined at:
		line 21 in file "main.c"
 Parameters:    Size  Location     Type
		None
 Auto vars:     Size  Location     Type
		None
 Return value:  Size  Location     Type
		None               void
 Registers used:
		status,2
 Tracked objects:
		On entry : 
		On exit  : 
		Unchanged: 
 Data sizes:     COMMON   BANK0   BANK1   BANK3   BANK2
      Params:         0       0       0       0       0
      Locals:         0       0       0       0       0
      Temps:          0       0       0       0       0
      Totals:         0       0       0       0       0
Total ram usage:        0 bytes
 Hardware stack levels used:    1
 Hardware stack levels required when called:    2
 This function calls:
		Nothing
 This function is called by:
		_main
 This function uses a non-reentrant model


 *************** function _hd44780_puts_at *****************
 Defined at:
		line 272 in file "hd44780i2c.c"
 Parameters:    Size  Location     Type
  ch              1    wreg     PTR unsigned char 
		 -> main@buff(16), 
  loc             1   11[BANK0 ] unsigned char 
 Auto vars:     Size  Location     Type
  ch              1   12[BANK0 ] PTR unsigned char 
		 -> main@buff(16), 
 Return value:  Size  Location     Type
		None               void
 Registers used:
		wreg, fsr0l, fsr0h, status,2, status,0, pclath, cstack
 Tracked objects:
		On entry : 
		On exit  : 
		Unchanged: 
 Data sizes:     COMMON   BANK0   BANK1   BANK3   BANK2
      Params:         0       1       0       0       0
      Locals:         0       1       0       0       0
      Temps:          0       0       0       0       0
      Totals:         0       2       0       0       0
Total ram usage:        2 bytes
 Hardware stack levels used:    1
 Hardware stack levels required when called:    6
 This function calls:
		_hd44780_puts
		_hd44780_write
 This function is called by:
		_main
 This function uses a non-reentrant model


 *************** function _hd44780_puts *****************
 Defined at:
		line 258 in file "hd44780i2c.c"
 Parameters:    Size  Location     Type
  ch              1    wreg     PTR unsigned char 
		 -> main@buff(16), 
 Auto vars:     Size  Location     Type
  ch              1   10[BANK0 ] PTR unsigned char 
		 -> main@buff(16), 
 Return value:  Size  Location     Type
		None               void
 Registers used:
		wreg, fsr0l, fsr0h, status,2, status,0, pclath, cstack
 Tracked objects:
		On entry : 
		On exit  : 
		Unchanged: 
 Data sizes:     COMMON   BANK0   BANK1   BANK3   BANK2
      Params:         0       0       0       0       0
      Locals:         0       1       0       0       0
      Temps:          0       1       0       0       0
      Totals:         0       2       0       0       0
Total ram usage:        2 bytes
 Hardware stack levels used:    1
 Hardware stack levels required when called:    5
 This function calls:
		_hd44780_write
 This function is called by:
		_hd44780_puts_at
 This function uses a non-reentrant model


 *************** function _hd44780_lighton *****************
 Defined at:
		line 283 in file "hd44780i2c.c"
 Parameters:    Size  Location     Type
		None
 Auto vars:     Size  Location     Type
		None
 Return value:  Size  Location     Type
		None               void
 Registers used:
		wreg
 Tracked objects:
		On entry : 
		On exit  : 
		Unchanged: 
 Data sizes:     COMMON   BANK0   BANK1   BANK3   BANK2
      Params:         0       0       0       0       0
      Locals:         0       0       0       0       0
      Temps:          1       0       0       0       0
      Totals:         1       0       0       0       0
Total ram usage:        1 bytes
 Hardware stack levels used:    1
 Hardware stack levels required when called:    2
 This function calls:
		Nothing
 This function is called by:
		_main
 This function uses a non-reentrant model


 *************** function _hd44780_init *****************
 Defined at:
		line 16 in file "hd44780i2c.c"
 Parameters:    Size  Location     Type
		None
 Auto vars:     Size  Location     Type
  ack             1   11[BANK0 ] unsigned char 
 Return value:  Size  Location     Type
		None               void
 Registers used:
		wreg, status,2, status,0, pclath, cstack
 Tracked objects:
		On entry : 
		On exit  : 
		Unchanged: 
 Data sizes:     COMMON   BANK0   BANK1   BANK3   BANK2
      Params:         0       0       0       0       0
      Locals:         0       1       0       0       0
      Temps:          0       2       0       0       0
      Totals:         0       3       0       0       0
Total ram usage:        3 bytes
 Hardware stack levels used:    1
 Hardware stack levels required when called:    5
 This function calls:
		_hd44780_write
		_i2c_read_ack
		_i2c_send_controlbyte
		_i2c_send_data
		_i2c_start
		_i2c_stop
 This function is called by:
		_main
 This function uses a non-reentrant model


 *************** function _hd44780_write *****************
 Defined at:
		line 202 in file "hd44780i2c.c"
 Parameters:    Size  Location     Type
  bt              1    wreg     unsigned char 
  rs_flag         1    2[BANK0 ] unsigned char 
 Auto vars:     Size  Location     Type
  bt              1    6[BANK0 ] unsigned char 
  tmp1            1    8[BANK0 ] unsigned char 
  tmp2            1    7[BANK0 ] unsigned char 
  ack             1    5[BANK0 ] unsigned char 
 Return value:  Size  Location     Type
		None               void
 Registers used:
		wreg, status,2, status,0, pclath, cstack
 Tracked objects:
		On entry : 
		On exit  : 
		Unchanged: 
 Data sizes:     COMMON   BANK0   BANK1   BANK3   BANK2
      Params:         0       1       0       0       0
      Locals:         0       4       0       0       0
      Temps:          0       2       0       0       0
      Totals:         0       7       0       0       0
Total ram usage:        7 bytes
 Hardware stack levels used:    1
 Hardware stack levels required when called:    4
 This function calls:
		_i2c_read_ack
		_i2c_send_controlbyte
		_i2c_send_data
		_i2c_start
		_i2c_stop
 This function is called by:
		_hd44780_init
		_hd44780_puts
		_hd44780_puts_at
		_hd44780_putchar
		_hd44780_newline
		_hd44780_putchar_at
		_hd44780_clear
 This function uses a non-reentrant model


 *************** function _i2c_stop *****************
 Defined at:
		line 40 in file "i2c.c"
 Parameters:    Size  Location     Type
		None
 Auto vars:     Size  Location     Type
		None
 Return value:  Size  Location     Type
		None               void
 Registers used:
		wreg, status,2, status,0, pclath, cstack
 Tracked objects:
		On entry : 
		On exit  : 
		Unchanged: 
 Data sizes:     COMMON   BANK0   BANK1   BANK3   BANK2
      Params:         0       0       0       0       0
      Locals:         0       0       0       0       0
      Temps:          0       1       0       0       0
      Totals:         0       1       0       0       0
Total ram usage:        1 bytes
 Hardware stack levels used:    1
 Hardware stack levels required when called:    3
 This function calls:
		_i2c_check_overflow
		_i2c_enable
 This function is called by:
		_si4703_read_regs
		_si4703_write_regs
		_si4703_getrssi
		_hd44780_init
		_hd44780_write
 This function uses a non-reentrant model


 *************** function _i2c_enable *****************
 Defined at:
		line 164 in file "i2c.c"
 Parameters:    Size  Location     Type
		None
 Auto vars:     Size  Location     Type
		None
 Return value:  Size  Location     Type
		None               void
 Registers used:
		None
 Tracked objects:
		On entry : 
		On exit  : 
		Unchanged: 
 Data sizes:     COMMON   BANK0   BANK1   BANK3   BANK2
      Params:         0       0       0       0       0
      Locals:         0       0       0       0       0
      Temps:          0       0       0       0       0
      Totals:         0       0       0       0       0
Total ram usage:        0 bytes
 Hardware stack levels used:    1
 Hardware stack levels required when called:    2
 This function calls:
		Nothing
 This function is called by:
		_i2c_stop
 This function uses a non-reentrant model


 *************** function _i2c_check_overflow *****************
 Defined at:
		line 159 in file "i2c.c"
 Parameters:    Size  Location     Type
		None
 Auto vars:     Size  Location     Type
		None
 Return value:  Size  Location     Type
                  1    wreg      unsigned char 
 Registers used:
		wreg, status,2, status,0
 Tracked objects:
		On entry : 
		On exit  : 
		Unchanged: 
 Data sizes:     COMMON   BANK0   BANK1   BANK3   BANK2
      Params:         0       0       0       0       0
      Locals:         0       0       0       0       0
      Temps:          1       0       0       0       0
      Totals:         1       0       0       0       0
Total ram usage:        1 bytes
 Hardware stack levels used:    1
 Hardware stack levels required when called:    2
 This function calls:
		Nothing
 This function is called by:
		_i2c_stop
 This function uses a non-reentrant model


 *************** function _i2c_start *****************
 Defined at:
		line 25 in file "i2c.c"
 Parameters:    Size  Location     Type
		None
 Auto vars:     Size  Location     Type
		None
 Return value:  Size  Location     Type
		None               void
 Registers used:
		wreg, status,2
 Tracked objects:
		On entry : 
		On exit  : 
		Unchanged: 
 Data sizes:     COMMON   BANK0   BANK1   BANK3   BANK2
      Params:         0       0       0       0       0
      Locals:         0       0       0       0       0
      Temps:          1       0       0       0       0
      Totals:         1       0       0       0       0
Total ram usage:        1 bytes
 Hardware stack levels used:    1
 Hardware stack levels required when called:    2
 This function calls:
		Nothing
 This function is called by:
		_si4703_read_regs
		_si4703_write_regs
		_si4703_getrssi
		_hd44780_init
		_hd44780_write
 This function uses a non-reentrant model


 *************** function _i2c_send_data *****************
 Defined at:
		line 74 in file "i2c.c"
 Parameters:    Size  Location     Type
  dta             1    wreg     unsigned char 
 Auto vars:     Size  Location     Type
  dta             1    0[BANK0 ] unsigned char 
 Return value:  Size  Location     Type
		None               void
 Registers used:
		wreg, status,2, status,0
 Tracked objects:
		On entry : 
		On exit  : 
		Unchanged: 
 Data sizes:     COMMON   BANK0   BANK1   BANK3   BANK2
      Params:         0       0       0       0       0
      Locals:         0       1       0       0       0
      Temps:          1       0       0       0       0
      Totals:         1       1       0       0       0
Total ram usage:        2 bytes
 Hardware stack levels used:    1
 Hardware stack levels required when called:    2
 This function calls:
		Nothing
 This function is called by:
		_si4703_write_regs
		_hd44780_init
		_hd44780_write
 This function uses a non-reentrant model


 *************** function _i2c_send_controlbyte *****************
 Defined at:
		line 60 in file "i2c.c"
 Parameters:    Size  Location     Type
  addr            1    wreg     unsigned char 
  rw_bit          1    5[COMMON] unsigned char 
 Auto vars:     Size  Location     Type
  addr            1    1[BANK0 ] unsigned char 
 Return value:  Size  Location     Type
		None               void
 Registers used:
		wreg, status,2, status,0
 Tracked objects:
		On entry : 
		On exit  : 
		Unchanged: 
 Data sizes:     COMMON   BANK0   BANK1   BANK3   BANK2
      Params:         1       0       0       0       0
      Locals:         0       1       0       0       0
      Temps:          0       1       0       0       0
      Totals:         1       2       0       0       0
Total ram usage:        3 bytes
 Hardware stack levels used:    1
 Hardware stack levels required when called:    2
 This function calls:
		Nothing
 This function is called by:
		_si4703_read_regs
		_si4703_write_regs
		_si4703_getrssi
		_hd44780_init
		_hd44780_write
 This function uses a non-reentrant model


 *************** function _i2c_read_ack *****************
 Defined at:
		line 154 in file "i2c.c"
 Parameters:    Size  Location     Type
		None
 Auto vars:     Size  Location     Type
		None
 Return value:  Size  Location     Type
                  1    wreg      unsigned char 
 Registers used:
		wreg, status,2, status,0
 Tracked objects:
		On entry : 
		On exit  : 
		Unchanged: 
 Data sizes:     COMMON   BANK0   BANK1   BANK3   BANK2
      Params:         0       0       0       0       0
      Locals:         0       0       0       0       0
      Temps:          1       0       0       0       0
      Totals:         1       0       0       0       0
Total ram usage:        1 bytes
 Hardware stack levels used:    1
 Hardware stack levels required when called:    2
 This function calls:
		Nothing
 This function is called by:
		_si4703_read_regs
		_si4703_write_regs
		_si4703_getrssi
		_hd44780_init
		_hd44780_write
 This function uses a non-reentrant model


 *************** function _debounce *****************
 Defined at:
		line 87 in file "main.c"
 Parameters:    Size  Location     Type
  port            1    wreg     unsigned char 
  pin             1    5[COMMON] unsigned char 
 Auto vars:     Size  Location     Type
  port            1    2[BANK0 ] unsigned char 
  count           1    3[BANK0 ] unsigned char 
 Return value:  Size  Location     Type
                  1    wreg      unsigned char 
 Registers used:
		wreg, status,2, status,0
 Tracked objects:
		On entry : 
		On exit  : 
		Unchanged: 
 Data sizes:     COMMON   BANK0   BANK1   BANK3   BANK2
      Params:         1       0       0       0       0
      Locals:         0       2       0       0       0
      Temps:          0       2       0       0       0
      Totals:         1       4       0       0       0
Total ram usage:        5 bytes
 Hardware stack levels used:    1
 Hardware stack levels required when called:    2
 This function calls:
		Nothing
 This function is called by:
		_main
 This function uses a non-reentrant model


 *************** function ___lwtoft *****************
 Defined at:
		line 28 in file "/opt/microchip/xc8/v1.35/sources/common/lwtoft.c"
 Parameters:    Size  Location     Type
  c               2    8[BANK0 ] unsigned int 
 Auto vars:     Size  Location     Type
		None
 Return value:  Size  Location     Type
                  3    8[BANK0 ] float 
 Registers used:
		wreg, status,2, status,0, pclath, cstack
 Tracked objects:
		On entry : 
		On exit  : 
		Unchanged: 
 Data sizes:     COMMON   BANK0   BANK1   BANK3   BANK2
      Params:         0       3       0       0       0
      Locals:         0       0       0       0       0
      Temps:          1       0       0       0       0
      Totals:         1       3       0       0       0
Total ram usage:        4 bytes
 Hardware stack levels used:    1
 Hardware stack levels required when called:    3
 This function calls:
		___ftpack
 This function is called by:
		_main
 This function uses a non-reentrant model


 *************** function ___lbtoft *****************
 Defined at:
		line 27 in file "/opt/microchip/xc8/v1.35/sources/common/lbtoft.c"
 Parameters:    Size  Location     Type
  c               1    wreg     unsigned char 
 Auto vars:     Size  Location     Type
  c               1    5[COMMON] unsigned char 
 Return value:  Size  Location     Type
                  3    8[BANK0 ] float 
 Registers used:
		wreg, status,2, status,0, pclath, cstack
 Tracked objects:
		On entry : 
		On exit  : 
		Unchanged: 
 Data sizes:     COMMON   BANK0   BANK1   BANK3   BANK2
      Params:         0       3       0       0       0
      Locals:         1       0       0       0       0
      Temps:          0       4       0       0       0
      Totals:         1       7       0       0       0
Total ram usage:        8 bytes
 Hardware stack levels used:    1
 Hardware stack levels required when called:    3
 This function calls:
		___ftpack
 This function is called by:
		_main
 This function uses a non-reentrant model


 *************** function ___itoee *****************
 Defined at:
		line 87 in file "/opt/microchip/xc8/v1.35/sources/pic/eeprom.c"
 Parameters:    Size  Location     Type
  addr            1    wreg     PTR eeprom void 
		 -> last_channel(2), 
  data            2    4[BANK0 ] unsigned int 
 Auto vars:     Size  Location     Type
  addr            1    8[BANK0 ] PTR eeprom void 
		 -> last_channel(2), 
 Return value:  Size  Location     Type
                  2    4[BANK0 ] unsigned int 
 Registers used:
		wreg, fsr0l, fsr0h, status,2, status,0, pclath, cstack
 Tracked objects:
		On entry : 
		On exit  : 
		Unchanged: 
 Data sizes:     COMMON   BANK0   BANK1   BANK3   BANK2
      Params:         0       2       0       0       0
      Locals:         0       1       0       0       0
      Temps:          0       2       0       0       0
      Totals:         0       5       0       0       0
Total ram usage:        5 bytes
 Hardware stack levels used:    1
 Hardware stack levels required when called:    3
 This function calls:
		_memcpyee
 This function is called by:
		_main
 This function uses a non-reentrant model


 *************** function _memcpyee *****************
 Defined at:
		line 24 in file "/opt/microchip/xc8/v1.35/sources/pic/eeprom.c"
 Parameters:    Size  Location     Type
  to              1    wreg     PTR eeprom unsigned char
		 -> last_channel(2), 
  from            1    0[BANK0 ] PTR const unsigned char 
		 -> __fltoee@data(3), __fttoee@data(3), __ltoee@data(4), __mtoee@data(3), 
		 -> __itoee@data(2), __ctoee@data(1), 
  size            1    1[BANK0 ] unsigned char 
 Auto vars:     Size  Location     Type
  to              1    3[BANK0 ] PTR eeprom unsigned char
		 -> last_channel(2), 
  ptr             1    2[BANK0 ] PTR const unsigned char 
		 -> __fltoee@data(3), __fttoee@data(3), __ltoee@data(4), __mtoee@data(3), 
		 -> __itoee@data(2), __ctoee@data(1), 
 Return value:  Size  Location     Type
		None               void
 Registers used:
		wreg, fsr0l, fsr0h, status,2, status,0
 Tracked objects:
		On entry : 
		On exit  : 
		Unchanged: 
 Data sizes:     COMMON   BANK0   BANK1   BANK3   BANK2
      Params:         0       2       0       0       0
      Locals:         0       2       0       0       0
      Temps:          1       0       0       0       0
      Totals:         1       4       0       0       0
Total ram usage:        5 bytes
 Hardware stack levels used:    1
 Hardware stack levels required when called:    2
 This function calls:
		Nothing
 This function is called by:
		___itoee
 This function uses a non-reentrant model


 *************** function ___fttol *****************
 Defined at:
		line 44 in file "/opt/microchip/xc8/v1.35/sources/common/fttol.c"
 Parameters:    Size  Location     Type
  f1              3   27[BANK0 ] float 
 Auto vars:     Size  Location     Type
  lval            4   36[BANK0 ] unsigned long 
  exp1            1   40[BANK0 ] unsigned char 
  sign1           1   35[BANK0 ] unsigned char 
 Return value:  Size  Location     Type
                  4   27[BANK0 ] long 
 Registers used:
		wreg, status,2, status,0
 Tracked objects:
		On entry : 
		On exit  : 
		Unchanged: 
 Data sizes:     COMMON   BANK0   BANK1   BANK3   BANK2
      Params:         0       4       0       0       0
      Locals:         0       6       0       0       0
      Temps:          0       4       0       0       0
      Totals:         0      14       0       0       0
Total ram usage:       14 bytes
 Hardware stack levels used:    1
 Hardware stack levels required when called:    2
 This function calls:
		Nothing
 This function is called by:
		_main
 This function uses a non-reentrant model


 *************** function ___ftneg *****************
 Defined at:
		line 15 in file "/opt/microchip/xc8/v1.35/sources/common/ftneg.c"
 Parameters:    Size  Location     Type
  f1              3   15[BANK0 ] float 
 Auto vars:     Size  Location     Type
		None
 Return value:  Size  Location     Type
                  3   15[BANK0 ] float 
 Registers used:
		wreg
 Tracked objects:
		On entry : 
		On exit  : 
		Unchanged: 
 Data sizes:     COMMON   BANK0   BANK1   BANK3   BANK2
      Params:         0       3       0       0       0
      Locals:         0       0       0       0       0
      Temps:          0       0       0       0       0
      Totals:         0       3       0       0       0
Total ram usage:        3 bytes
 Hardware stack levels used:    1
 Hardware stack levels required when called:    2
 This function calls:
		Nothing
 This function is called by:
		_main
 This function uses a non-reentrant model


 *************** function ___ftmul *****************
 Defined at:
		line 62 in file "/opt/microchip/xc8/v1.35/sources/common/ftmul.c"
 Parameters:    Size  Location     Type
  f1              3   11[BANK0 ] float 
  f2              3   14[BANK0 ] float 
 Auto vars:     Size  Location     Type
  f3_as_produc    3   22[BANK0 ] unsigned um
  sign            1   26[BANK0 ] unsigned char 
  cntr            1   25[BANK0 ] unsigned char 
  exp             1   21[BANK0 ] unsigned char 
 Return value:  Size  Location     Type
                  3   11[BANK0 ] float 
 Registers used:
		wreg, status,2, status,0, pclath, cstack
 Tracked objects:
		On entry : 
		On exit  : 
		Unchanged: 
 Data sizes:     COMMON   BANK0   BANK1   BANK3   BANK2
      Params:         0       6       0       0       0
      Locals:         0       6       0       0       0
      Temps:          0       4       0       0       0
      Totals:         0      16       0       0       0
Total ram usage:       16 bytes
 Hardware stack levels used:    1
 Hardware stack levels required when called:    3
 This function calls:
		___ftpack
 This function is called by:
		_main
 This function uses a non-reentrant model


 *************** function ___ftadd *****************
 Defined at:
		line 86 in file "/opt/microchip/xc8/v1.35/sources/common/ftadd.c"
 Parameters:    Size  Location     Type
  f1              3   27[BANK0 ] float 
  f2              3   30[BANK0 ] float 
 Auto vars:     Size  Location     Type
  exp1            1   39[BANK0 ] unsigned char 
  exp2            1   38[BANK0 ] unsigned char 
  sign            1   37[BANK0 ] unsigned char 
 Return value:  Size  Location     Type
                  3   27[BANK0 ] float 
 Registers used:
		wreg, status,2, status,0, pclath, cstack
 Tracked objects:
		On entry : 
		On exit  : 
		Unchanged: 
 Data sizes:     COMMON   BANK0   BANK1   BANK3   BANK2
      Params:         0       6       0       0       0
      Locals:         0       3       0       0       0
      Temps:          0       4       0       0       0
      Totals:         0      13       0       0       0
Total ram usage:       13 bytes
 Hardware stack levels used:    1
 Hardware stack levels required when called:    3
 This function calls:
		___ftpack
 This function is called by:
		_main
 This function uses a non-reentrant model


 *************** function ___ftpack *****************
 Defined at:
		line 62 in file "/opt/microchip/xc8/v1.35/sources/common/float.c"
 Parameters:    Size  Location     Type
  arg             3    0[BANK0 ] unsigned um
  exp             1    3[BANK0 ] unsigned char 
  sign            1    4[BANK0 ] unsigned char 
 Auto vars:     Size  Location     Type
		None
 Return value:  Size  Location     Type
                  3    0[BANK0 ] float 
 Registers used:
		wreg, status,2, status,0
 Tracked objects:
		On entry : 
		On exit  : 
		Unchanged: 
 Data sizes:     COMMON   BANK0   BANK1   BANK3   BANK2
      Params:         0       5       0       0       0
      Locals:         0       0       0       0       0
      Temps:          0       3       0       0       0
      Totals:         0       8       0       0       0
Total ram usage:        8 bytes
 Hardware stack levels used:    1
 Hardware stack levels required when called:    2
 This function calls:
		Nothing
 This function is called by:
		___ftadd
		___ftmul
		___lbtoft
		___lwtoft
 This function uses a non-reentrant model


 *************** function ___eetoi *****************
 Defined at:
		line 56 in file "/opt/microchip/xc8/v1.35/sources/pic/eeprom.c"
 Parameters:    Size  Location     Type
  addr            1    wreg     PTR eeprom void 
		 -> last_channel(2), 
 Auto vars:     Size  Location     Type
  addr            1    8[BANK0 ] PTR eeprom void 
		 -> last_channel(2), 
  data            2    9[BANK0 ] unsigned int 
 Return value:  Size  Location     Type
                  2    4[BANK0 ] unsigned int 
 Registers used:
		wreg, fsr0l, fsr0h, status,2, status,0, pclath, cstack
 Tracked objects:
		On entry : 
		On exit  : 
		Unchanged: 
 Data sizes:     COMMON   BANK0   BANK1   BANK3   BANK2
      Params:         0       2       0       0       0
      Locals:         0       3       0       0       0
      Temps:          0       2       0       0       0
      Totals:         0       7       0       0       0
Total ram usage:        7 bytes
 Hardware stack levels used:    1
 Hardware stack levels required when called:    3
 This function calls:
		_eecpymem
 This function is called by:
		_main
 This function uses a non-reentrant model


 *************** function _eecpymem *****************
 Defined at:
		line 6 in file "/opt/microchip/xc8/v1.35/sources/pic/eeprom.c"
 Parameters:    Size  Location     Type
  to              1    wreg     PTR volatile unsigned ch
		 -> __eetofl@data(3), __eetoft@data(3), __eetol@data(4), __eetom@data(3), 
		 -> __eetoi@data(2), __eetoc@data(1), 
  from            1    0[BANK0 ] PTR eeprom unsigned char
		 -> last_channel(2), 
  size            1    1[BANK0 ] unsigned char 
 Auto vars:     Size  Location     Type
  to              1    3[BANK0 ] PTR volatile unsigned ch
		 -> __eetofl@data(3), __eetoft@data(3), __eetol@data(4), __eetom@data(3), 
		 -> __eetoi@data(2), __eetoc@data(1), 
  cp              1    2[BANK0 ] PTR volatile unsigned ch
		 -> __eetofl@data(3), __eetoft@data(3), __eetol@data(4), __eetom@data(3), 
		 -> __eetoi@data(2), __eetoc@data(1), 
 Return value:  Size  Location     Type
		None               void
 Registers used:
		wreg, fsr0l, fsr0h, status,2, status,0
 Tracked objects:
		On entry : 
		On exit  : 
		Unchanged: 
 Data sizes:     COMMON   BANK0   BANK1   BANK3   BANK2
      Params:         0       2       0       0       0
      Locals:         0       2       0       0       0
      Temps:          1       0       0       0       0
      Totals:         1       4       0       0       0
Total ram usage:        5 bytes
 Hardware stack levels used:    1
 Hardware stack levels required when called:    2
 This function calls:
		Nothing
 This function is called by:
		___eetoi
 This function uses a non-reentrant model


 *************** function _isr *****************
 Defined at:
		line 46 in file "main.c"
 Parameters:    Size  Location     Type
		None
 Auto vars:     Size  Location     Type
		None
 Return value:  Size  Location     Type
		None               void
 Registers used:
		wreg, status,2, status,0, pclath, cstack
 Tracked objects:
		On entry : 
		On exit  : 
		Unchanged: 
 Data sizes:     COMMON   BANK0   BANK1   BANK3   BANK2
      Params:         0       0       0       0       0
      Locals:         0       0       0       0       0
      Temps:          5       0       0       0       0
      Totals:         5       0       0       0       0
Total ram usage:        5 bytes
 Hardware stack levels used:    1
 Hardware stack levels required when called:    1
 This function calls:
		_hd44780_lightoff
 This function is called by:
		Interrupt level 1
 This function uses a non-reentrant model


 *************** function _hd44780_lightoff *****************
 Defined at:
		line 288 in file "hd44780i2c.c"
 Parameters:    Size  Location     Type
		None
 Auto vars:     Size  Location     Type
		None
 Return value:  Size  Location     Type
		None               void
 Registers used:
		status,2
 Tracked objects:
		On entry : 
		On exit  : 
		Unchanged: 
 Data sizes:     COMMON   BANK0   BANK1   BANK3   BANK2
      Params:         0       0       0       0       0
      Locals:         0       0       0       0       0
      Temps:          0       0       0       0       0
      Totals:         0       0       0       0       0
Total ram usage:        0 bytes
 Hardware stack levels used:    1
 This function calls:
		Nothing
 This function is called by:
		_isr
 This function uses a non-reentrant model



MODULE INFORMATION

Module		Function		Class		Link	Load	Size
/opt/microchip/xc8/v1.35/sources/common/lwtoft.c
		___lwtoft      		CODE           	0AAE	0000	25

/opt/microchip/xc8/v1.35/sources/common/lwtoft.c estimated size: 25

/opt/microchip/xc8/v1.35/sources/common/fttol.c
		___fttol       		CODE           	0F72	0000	143

/opt/microchip/xc8/v1.35/sources/common/fttol.c estimated size: 143

/opt/microchip/xc8/v1.35/sources/common/ftadd.c
		___ftadd       		CODE           	037A	0000	266

/opt/microchip/xc8/v1.35/sources/common/ftadd.c estimated size: 266

uart.c
		_uart_init     		CODE           	0A85	0000	20

uart.c estimated size: 20

/opt/microchip/xc8/v1.35/sources/common/doprnt.c
		_sprintf       		CODE           	0584	0000	215

/opt/microchip/xc8/v1.35/sources/common/doprnt.c estimated size: 215

i2c.c
		_i2c_send_data 		CODE           	0AC6	0000	25
		_i2c_send_nack 		CODE           	0B28	0000	26
		_i2c_start     		CODE           	0ADE	0000	25
		_i2c_send_controlbyte		CODE           	0AF6	0000	26
		_i2c_enable    		CODE           	0A29	0000	5
		_i2c_stop      		CODE           	0BF1	0000	37
		_i2c_init      		CODE           	0B5B	0000	27
		_i2c_read_ack  		CODE           	0A32	0000	9
		_i2c_check_overflow		CODE           	0A3A	0000	9
		_i2c_read_data 		CODE           	0BAF	0000	33
		_i2c_send_ack  		CODE           	0B0F	0000	26

i2c.c estimated size: 248

/opt/microchip/xc8/v1.35/sources/common/ftneg.c
		___ftneg       		CODE           	0A4A	0000	11

/opt/microchip/xc8/v1.35/sources/common/ftneg.c estimated size: 11

/opt/microchip/xc8/v1.35/sources/common/float.c
		___ftpack      		CODE           	0E83	0000	111

/opt/microchip/xc8/v1.35/sources/common/float.c estimated size: 111

/opt/microchip/xc8/v1.35/sources/pic/eeprom.c
		_eecpymem      		CODE           	0CD0	0000	56
		___eetoi       		CODE           	0A98	0000	23
		___itoee       		CODE           	0A63	0000	17
		_memcpyee      		CODE           	0D89	0000	78

/opt/microchip/xc8/v1.35/sources/pic/eeprom.c estimated size: 174

/opt/microchip/xc8/v1.35/sources/common/lwmod.c
		___lwmod       		CODE           	0C9C	0000	53

/opt/microchip/xc8/v1.35/sources/common/lwmod.c estimated size: 53

shared
		__stringtab    		STRING         	0800	0000	7
		_dpowers       		STRING         	0806	0000	11
		__initialization		CODE           	0015	0000	20

shared estimated size: 38

hd44780i2c.c
		_hd44780_puts_at		CODE           	0A73	0000	19
		_hd44780_lighton		CODE           	0A2D	0000	6
		_hd44780_init  		CODE           	0236	0000	325
		_hd44780_puts  		CODE           	0C69	0000	52
		_hd44780_lightoff		CODE           	0A27	0000	3
		_hd44780_write 		CODE           	072D	0000	149

hd44780i2c.c estimated size: 554

/opt/microchip/xc8/v1.35/sources/common/ftmul.c
		___ftmul       		CODE           	065A	0000	212

/opt/microchip/xc8/v1.35/sources/common/ftmul.c estimated size: 212

/opt/microchip/xc8/v1.35/sources/common/lbtoft.c
		___lbtoft      		CODE           	0B91	0000	31

/opt/microchip/xc8/v1.35/sources/common/lbtoft.c estimated size: 31

si4703.c
		_si4703_write_regs		CODE           	0E28	0000	92
		_si4703_setup_2wire		CODE           	0C15	0000	40
		_si4703_seek   		CODE           	0DD6	0000	83
		_si4703_tune   		CODE           	0D45	0000	69
		_si4703_init   		CODE           	0483	0000	258
		_si4703_read_regs		CODE           	0EF1	0000	130
		_si4703_set_volume		CODE           	0B75	0000	29
		_si4703_getchannel		CODE           	0A54	0000	16
		_si4703_getrssi		CODE           	0D07	0000	63

si4703.c estimated size: 780

/opt/microchip/xc8/v1.35/sources/common/lwdiv.c
		___lwdiv       		CODE           	07C1	0000	63

/opt/microchip/xc8/v1.35/sources/common/lwdiv.c estimated size: 63

main.c
		_init          		CODE           	0B41	0000	27
		_debounce      		CODE           	0C3C	0000	46
		_main          		CODE           	002C	0000	523
		_isr           		CODE           	0BCF	0000	35

main.c estimated size: 631

